// Jest Snapshot v1, https://goo.gl/fbAQLP

exports[`BedList UI Test Suite Checks if it renders correctly 1`] = `
<div
  className="bed"
/>
`;
