// Jest Snapshot v1, https://goo.gl/fbAQLP

exports[`Hospital UI Test Suite Checks if it renders correctly 1`] = `
<div
  className="hospital"
>
  <div
    className="hospital-wrapper"
  >
    <div
      className="hospital-dropdown"
    >
      <div
        className="hsp-dropdown"
      >
        <select
          className="select-container"
          onChange={[Function]}
          size="large"
        >
          <option>
            Select_Hospital
          </option>
        </select>
      </div>
    </div>
    <div
      className="floor-dropdown"
    >
      <div
        className="floors"
      >
        <select
          className="select-container"
          onChange={[Function]}
          size="large"
        >
          <option>
            Select_Floor
             
          </option>
        </select>
      </div>
    </div>
  </div>
</div>
`;
