// Jest Snapshot v1, https://goo.gl/fbAQLP

exports[`DefaultContainer UI Test Suite Checks if it renders correctly 1`] = `null`;
